Testing Commands:

curl -H "Content-Type: application/json" -X PUT -d '{"value":400}' http://localhost:5000/cache.service/api/v1.0/put/1
curl -H "Content-Type: application/json" -X PUT -d '{"value":800}' http://localhost:5000/cache.service/api/v1.0/put/2
curl http://localhost:5000/cache.service/api/v1.0/get/1
curl -H "Content-Type: application/json" -X PUT -d '{"value":1200}' http://localhost:5000/cache.service/api/v1.0/put/3
curl http://localhost:5000/cache.service/api/v1.0/get/2
curl -H "Content-Type: application/json" -X PUT -d '{"value":1600}' http://localhost:5000/cache.service/api/v1.0/put/4
curl http://localhost:5000/cache.service/api/v1.0/get/1
curl http://localhost:5000/cache.service/api/v1.0/get/3
curl http://localhost:5000/cache.service/api/v1.0/get/4

Testing Output:
@curl -H "Content-Type: application/json" -X PUT -d '{"value":400}' http://localhost:5000/cache.service/api/v1.0/put/1
{}
@curl -H "Content-Type: application/json" -X PUT -d '{"value":800}' http://localhost:5000/cache.service/api/v1.0/put/2
{}
@curl http://localhost:5000/cache.service/api/v1.0/get/1
{
  "key": 1, 
  "value": 400
}
@curl -H "Content-Type: application/json" -X PUT -d '{"value":1200}' http://localhost:5000/cache.service/api/v1.0/put/3
{
  "key": 2, 
  "value": 800
}
@curl http://localhost:5000/cache.service/api/v1.0/get/2
{
  "error": "Not found"
}
@curl -H "Content-Type: application/json" -X PUT -d '{"value":1600}' http://localhost:5000/cache.service/api/v1.0/put/4
{
  "key": 1, 
  "value": 400
}
@curl http://localhost:5000/cache.service/api/v1.0/get/1
{
  "error": "Not found"
}
@curl http://localhost:5000/cache.service/api/v1.0/get/3
{
  "key": 3, 
  "value": 1200
}
@curl http://localhost:5000/cache.service/api/v1.0/get/4
{
  "key": 4, 
  "value": 1600
}
